// Jest Snapshot v1, https://goo.gl/fbAQLP

exports[`LandingPage LandingPage unit tests should match the snapshot 1`] = `
<section>
  <h2>
    The Truth has Nine Lives
  </h2>
  <Link
    to="/login"
  >
    <button
      className="Login-button"
      type="button"
    >
      Join Us
    </button>
  </Link>
</section>
`;
