// Jest Snapshot v1, https://goo.gl/fbAQLP

exports[`Research Research unit tests should match the snapshot 1`] = `
<h2>
  hey
</h2>
`;
