// Jest Snapshot v1, https://goo.gl/fbAQLP

exports[`App App unit tests should match the snapshot 1`] = `
<main>
  <Route
    component={
      Object {
        "$$typeof": Symbol(react.memo),
        "WrappedComponent": [Function],
        "compare": null,
        "displayName": "Connect(Header)",
        "type": [Function],
      }
    }
    path="/"
  />
  <Switch>
    <Route
      component={
        Object {
          "$$typeof": Symbol(react.memo),
          "WrappedComponent": [Function],
          "compare": null,
          "displayName": "Connect(LandingPage)",
          "type": [Function],
        }
      }
      exact={true}
      path="/"
    />
    <Route
      component={
        Object {
          "$$typeof": Symbol(react.memo),
          "WrappedComponent": [Function],
          "compare": null,
          "displayName": "Connect(Login)",
          "type": [Function],
        }
      }
      path="/login"
    />
    <Route
      component={
        Object {
          "$$typeof": Symbol(react.memo),
          "WrappedComponent": [Function],
          "compare": null,
          "displayName": "Connect(ResearchContainer)",
          "type": [Function],
        }
      }
      exact={true}
      path="/research"
    />
    <Route
      component={
        Object {
          "$$typeof": Symbol(react.memo),
          "WrappedComponent": [Function],
          "compare": null,
          "displayName": "Connect(EvidenceContainer)",
          "type": [Function],
        }
      }
      exact={true}
      path="/evidence"
    />
    <Route
      component={[Function]}
    />
  </Switch>
</main>
`;
