// Jest Snapshot v1, https://goo.gl/fbAQLP

exports[`NoURLMatch NoURLMatch unit tests should match the snapshot 1`] = `
<div
  className="no-match-div"
>
  <h2
    className="no-match-h2"
  >
    No matching url was found
  </h2>
  <Link
    to="/"
  >
    <button
      className="no-match-btn"
      type="button"
    >
      click here to go home
    </button>
  </Link>
</div>
`;
